// Jest Snapshot v1, https://goo.gl/fbAQLP

exports[`Underlying SVG markup should not change when we change our component logic 1`] = `
<svg
  height="300"
  width="500"
>
  <g
    fill="none"
    font-family="sans-serif"
    font-size="10"
    text-anchor="end"
    transform="translate(50, 0)"
  >
    <path
      class="domain"
      d="M-6,250.5H0.5V50.5H-6"
      stroke="currentColor"
    />
    <g
      class="tick"
      opacity="1"
      transform="translate(0,250.5)"
    >
      <line
        stroke="currentColor"
        x2="-6"
      />
      <text
        dy="0.32em"
        fill="currentColor"
        x="-9"
      >
        0
      </text>
    </g>
    <g
      class="tick"
      opacity="1"
      transform="translate(0,230.5)"
    >
      <line
        stroke="currentColor"
        x2="-6"
      />
      <text
        dy="0.32em"
        fill="currentColor"
        x="-9"
      >
        1
      </text>
    </g>
    <g
      class="tick"
      opacity="1"
      transform="translate(0,210.5)"
    >
      <line
        stroke="currentColor"
        x2="-6"
      />
      <text
        dy="0.32em"
        fill="currentColor"
        x="-9"
      >
        2
      </text>
    </g>
    <g
      class="tick"
      opacity="1"
      transform="translate(0,190.5)"
    >
      <line
        stroke="currentColor"
        x2="-6"
      />
      <text
        dy="0.32em"
        fill="currentColor"
        x="-9"
      >
        3
      </text>
    </g>
    <g
      class="tick"
      opacity="1"
      transform="translate(0,170.5)"
    >
      <line
        stroke="currentColor"
        x2="-6"
      />
      <text
        dy="0.32em"
        fill="currentColor"
        x="-9"
      >
        4
      </text>
    </g>
    <g
      class="tick"
      opacity="1"
      transform="translate(0,150.5)"
    >
      <line
        stroke="currentColor"
        x2="-6"
      />
      <text
        dy="0.32em"
        fill="currentColor"
        x="-9"
      >
        5
      </text>
    </g>
    <g
      class="tick"
      opacity="1"
      transform="translate(0,130.5)"
    >
      <line
        stroke="currentColor"
        x2="-6"
      />
      <text
        dy="0.32em"
        fill="currentColor"
        x="-9"
      >
        6
      </text>
    </g>
    <g
      class="tick"
      opacity="1"
      transform="translate(0,110.5)"
    >
      <line
        stroke="currentColor"
        x2="-6"
      />
      <text
        dy="0.32em"
        fill="currentColor"
        x="-9"
      >
        7
      </text>
    </g>
    <g
      class="tick"
      opacity="1"
      transform="translate(0,90.5)"
    >
      <line
        stroke="currentColor"
        x2="-6"
      />
      <text
        dy="0.32em"
        fill="currentColor"
        x="-9"
      >
        8
      </text>
    </g>
    <g
      class="tick"
      opacity="1"
      transform="translate(0,70.5)"
    >
      <line
        stroke="currentColor"
        x2="-6"
      />
      <text
        dy="0.32em"
        fill="currentColor"
        x="-9"
      >
        9
      </text>
    </g>
    <g
      class="tick"
      opacity="1"
      transform="translate(0,50.5)"
    >
      <line
        stroke="currentColor"
        x2="-6"
      />
      <text
        dy="0.32em"
        fill="currentColor"
        x="-9"
      >
        10
      </text>
    </g>
  </g>
</svg>
`;
